// Jest Snapshot v1, https://goo.gl/fbAQLP

exports[`should render add expense page correctly 1`] = `
<div>
  Add expense
  <ExpenseFormComponent
    onSubmit={[Function]}
  />
</div>
`;
